---
source: tests/formatter_snapshots.rs
expression: format(&src)
input_file: tests/fixtures/format/copy_data.sql
---
-- COPY data stays verbatim; later statements are formatted
COPY accounts (id, owner) FROM STDIN;
1	it's
2	a;b

\.

SELECT
    id
  , owner
FROM accounts
WHERE id = 1;

COPY logs FROM STDIN WITH (FORMAT csv);
"x","/* not a comment"
\.
INSERT INTO logs
VALUES (1, 1, 'done');
