---
source: tests/formatter_snapshots.rs
expression: format(&src)
input_file: tests/fixtures/format/copy_data.sql
---
-- COPY のデータは入力のまま残し、後ろの文は整形する
copy accounts (id, owner) from stdin;
1	it's
2	a;b

\.

SELECT
    id
  , owner
FROM accounts
WHERE id = 1;

COPY logs FROM STDIN WITH (FORMAT csv);
"x","/* not a comment"
\.
INSERT INTO logs
VALUES (1, 1, 'done');
