---
source: tests/formatter_snapshots.rs
expression: format(&src)
input_file: tests/fixtures/format/comments.sql
---
/* block comment at top of file */
-- line comment
SELECT
    a -- about a
  , b /* about b */
    -- before c
  , c
FROM t1 /* table */
    JOIN t2
        ON t1.id = t2.id -- join condition
WHERE -- condition
    x = 1

    -- comment after a blank line
    AND y = 2;

-- between statements

SELECT 1 -- last
