---
source: tests/lexer_snapshots.rs
expression: dump
input_file: tests/fixtures/lexer/literals.sql
---
    0 Ident "SELECT"
    7 Number "1_000"
   12 Comma ","
   14 Number "0x1F"
   18 Comma ","
   20 Number "0o17"
   24 Comma ","
   26 Number "0b1010"
   32 Comma ","
   34 Number ".5"
   36 Comma ","
   38 Number "5."
   40 Comma ","
   42 Number "1.5E-3"
   48 Comma ","
   57 String { prefix: None, terminated: true } "'plain'"
   64 Comma ","
   66 String { prefix: Escape, terminated: true } "E'tab\\there'"
   78 Comma ","
   80 String { prefix: Bit, terminated: true } "B'1010'"
   87 Comma ","
   89 String { prefix: Hex, terminated: true } "X'FF'"
   94 Comma ","
   96 String { prefix: National, terminated: true } "N'national'"
  107 Comma ","
  109 String { prefix: Unicode, terminated: true } "U&'d\\0061t\\+000061'"
  128 Comma ","
  137 QuotedIdent { terminated: true } "U&\"quoted ident\""
  153 Comma ","
  155 QuotedIdent { terminated: true } "\"a \"\"b\"\" c\""
  166 Comma ","
  175 DollarString { terminated: true } "$$dollar 'quoted'$$"
  194 Comma ","
  196 DollarString { terminated: true } "$tag$ nested $$ $tag$"
  217 Comma ","
  226 BlockComment { terminated: true } "/* outer /* inner */ still comment */"
  264 String { prefix: None, terminated: true } "'after'"
  271 Semicolon ";"
