---
source: tests/lexer_snapshots.rs
expression: dump
input_file: tests/fixtures/lexer/select.sql
---
    0 LineComment "-- order count per customer"
   28 Ident "SELECT"
   35 Ident "c"
   36 Dot "."
   37 Ident "id"
   39 Comma ","
   41 Ident "c"
   42 Dot "."
   43 QuotedIdent { terminated: true } "\"Name\""
   49 Comma ","
   51 Ident "count"
   56 LParen "("
   57 Ident "o"
   58 Dot "."
   59 Operator "*"
   60 RParen ")"
   61 DoubleColon "::"
   63 Ident "bigint"
   70 Ident "AS"
   73 Ident "cnt"
   77 Ident "FROM"
   82 Ident "customers"
   92 Ident "AS"
   95 Ident "c"
   97 Ident "LEFT"
  102 Ident "JOIN"
  107 Ident "orders"
  114 Ident "o"
  116 Ident "ON"
  119 Ident "o"
  120 Dot "."
  121 Ident "customer_id"
  133 Operator "="
  135 Ident "c"
  136 Dot "."
  137 Ident "id"
  140 BlockComment { terminated: true } "/* outer join */"
  157 Ident "WHERE"
  163 Ident "c"
  164 Dot "."
  165 Ident "tags"
  170 Operator "@>"
  173 Ident "ARRAY"
  178 LBracket "["
  179 String { prefix: None, terminated: true } "'vip'"
  184 RBracket "]"
  186 Ident "AND"
  190 Ident "c"
  191 Dot "."
  192 Ident "created_at"
  203 Operator ">="
  206 Ident "now"
  209 LParen "("
  210 RParen ")"
  212 Operator "-"
  214 Ident "interval"
  223 String { prefix: None, terminated: true } "'30 days'"
  235 Ident "AND"
  239 Ident "c"
  240 Dot "."
  241 Ident "score"
  246 Operator "*"
  247 Operator "-"
  248 Number "1"
  250 Operator "<"
  252 Number "0.5e2"
  258 Ident "GROUP"
  264 Ident "BY"
  267 Ident "c"
  268 Dot "."
  269 Ident "id"
  271 Comma ","
  273 Ident "c"
  274 Dot "."
  275 QuotedIdent { terminated: true } "\"Name\""
  282 Ident "ORDER"
  288 Ident "BY"
  291 Ident "cnt"
  295 Ident "DESC"
  300 Ident "LIMIT"
  306 Param "$1"
  308 Semicolon ";"
