---
source: tests/lexer_snapshots.rs
expression: dump
input_file: tests/fixtures/lexer/select.sql
---
    0 LineComment "-- 顧客ごとの注文数"
   28 Ident "SELECT"
   35 Ident "c"
   36 Dot "."
   37 Ident "id"
   39 Comma ","
   41 Ident "c"
   42 Dot "."
   43 QuotedIdent { terminated: true } "\"Name\""
   49 Comma ","
   51 Ident "count"
   56 LParen "("
   57 Ident "o"
   58 Dot "."
   59 Operator "*"
   60 RParen ")"
   61 DoubleColon "::"
   63 Ident "bigint"
   70 Ident "AS"
   73 Ident "cnt"
   77 Ident "FROM"
   82 Ident "customers"
   92 Ident "AS"
   95 Ident "c"
   97 Ident "LEFT"
  102 Ident "JOIN"
  107 Ident "orders"
  114 Ident "o"
  116 Ident "ON"
  119 Ident "o"
  120 Dot "."
  121 Ident "customer_id"
  133 Operator "="
  135 Ident "c"
  136 Dot "."
  137 Ident "id"
  140 BlockComment { terminated: true } "/* 外部結合 */"
  159 Ident "WHERE"
  165 Ident "c"
  166 Dot "."
  167 Ident "tags"
  172 Operator "@>"
  175 Ident "ARRAY"
  180 LBracket "["
  181 String { prefix: None, terminated: true } "'vip'"
  186 RBracket "]"
  188 Ident "AND"
  192 Ident "c"
  193 Dot "."
  194 Ident "created_at"
  205 Operator ">="
  208 Ident "now"
  211 LParen "("
  212 RParen ")"
  214 Operator "-"
  216 Ident "interval"
  225 String { prefix: None, terminated: true } "'30 days'"
  237 Ident "AND"
  241 Ident "c"
  242 Dot "."
  243 Ident "score"
  248 Operator "*"
  249 Operator "-"
  250 Number "1"
  252 Operator "<"
  254 Number "0.5e2"
  260 Ident "GROUP"
  266 Ident "BY"
  269 Ident "c"
  270 Dot "."
  271 Ident "id"
  273 Comma ","
  275 Ident "c"
  276 Dot "."
  277 QuotedIdent { terminated: true } "\"Name\""
  284 Ident "ORDER"
  290 Ident "BY"
  293 Ident "cnt"
  297 Ident "DESC"
  302 Ident "LIMIT"
  308 Param "$1"
  310 Semicolon ";"
