---
source: tests/parser_snapshots.rs
expression: tree.debug_tree()
input_file: tests/fixtures/parser/select_expressions.sql
---
Root
  SelectStmt
    SimpleSelect
      SelectClause
        Keyword "SELECT"
        TargetItem
          BinaryExpr
            BinaryExpr
              CastExpr
                ColumnRef
                  Ident "a"
                  Dot "."
                  Ident "id"
                DoubleColon "::"
                TypeName
                  Ident "text"
              Operator "||"
              Literal
                String "'-'"
            Operator "||"
            FuncCall
              Ident "coalesce"
              ArgList
                LParen "("
                ColumnRef
                  Ident "a"
                  Dot "."
                  Ident "code"
                Comma ","
                Literal
                  String "'n/a'"
                RParen ")"
          Alias
            Keyword "AS"
            Ident "label"
        Comma ","
        TargetItem
          CastExpr
            ParenExpr
              LParen "("
              BinaryExpr
                BinaryExpr
                  ColumnRef
                    Ident "a"
                    Dot "."
                    Ident "payload"
                  Operator "->"
                  Literal
                    String "'items'"
                Operator "->>"
                Literal
                  Number "0"
              RParen ")"
            DoubleColon "::"
            TypeName
              Ident "int"
          Alias
            Keyword "AS"
            Ident "first_item"
        Comma ","
        TargetItem
          SubscriptExpr
            ColumnRef
              Ident "a"
              Dot "."
              Ident "tags"
            LBracket "["
            Literal
              Number "1"
            Colon ":"
            Literal
              Number "2"
            RBracket "]"
        Comma ","
        TargetItem
          AtTimeZoneExpr
            ColumnRef
              Ident "a"
              Dot "."
              Ident "created_at"
            Keyword "AT"
            Keyword "TIME"
            Keyword "ZONE"
            Literal
              String "'Asia/Tokyo'"
        Comma ","
        TargetItem
          BinaryExpr
            CastCall
              Keyword "CAST"
              LParen "("
              ColumnRef
                Ident "a"
                Dot "."
                Ident "price"
              Keyword "AS"
              TypeName
                Ident "numeric"
                LParen "("
                Number "10"
                Comma ","
                Number "2"
                RParen ")"
              RParen ")"
            Operator "*"
            Literal
              Number "1.1"
        Comma ","
        TargetItem
          FuncCall
            Ident "extract"
            ArgList
              LParen "("
              ColumnRef
                Ident "year"
              Keyword "FROM"
              ColumnRef
                Ident "a"
                Dot "."
                Ident "created_at"
              RParen ")"
        Comma ","
        TargetItem
          LikeExpr
            ColumnRef
              Ident "a"
              Dot "."
              Ident "name"
            Keyword "ILIKE"
            Literal
              String "'%foo%'"
            Keyword "ESCAPE"
            Literal
              String "'\\'"
        Comma ","
        TargetItem
          BetweenExpr
            ColumnRef
              Ident "a"
              Dot "."
              Ident "score"
            Keyword "BETWEEN"
            Literal
              Number "1"
            Keyword "AND"
            Literal
              Number "10"
        Comma ","
        TargetItem
          IsExpr
            ColumnRef
              Ident "a"
              Dot "."
              Ident "deleted_at"
            Keyword "IS"
            Keyword "NULL"
        Comma ","
        TargetItem
          BinaryExpr
            ArrayExpr
              Keyword "ARRAY"
              LBracket "["
              Literal
                Number "1"
              Comma ","
              Literal
                Number "2"
              Comma ","
              Literal
                Number "3"
              RBracket "]"
            Operator "&&"
            ColumnRef
              Ident "a"
              Dot "."
              Ident "ids"
        Comma ","
        TargetItem
          BinaryExpr
            ParamRef
              Param "$1"
            Operator "="
            FuncCall
              Keyword "ANY"
              ArgList
                LParen "("
                ColumnRef
                  Ident "a"
                  Dot "."
                  Ident "ids"
                RParen ")"
      FromClause
        Keyword "FROM"
        TableRef
          Ident "accounts"
          Alias
            Ident "a"
  Semicolon ";"
