---
source: tests/parser_snapshots.rs
expression: tree.debug_tree()
input_file: tests/fixtures/parser/select_report.sql
---
Root
  LineComment "-- 月別・顧客別の売上レポート"
  SelectStmt
    WithClause
      Keyword "WITH"
      Cte
        Ident "monthly"
        Keyword "AS"
        SubqueryExpr
          LParen "("
          SelectStmt
            SimpleSelect
              SelectClause
                Keyword "SELECT"
                TargetItem
                  ColumnRef
                    Ident "c"
                    Dot "."
                    Ident "id"
                  Alias
                    Keyword "AS"
                    Ident "customer_id"
                Comma ","
                TargetItem
                  FuncCall
                    Ident "date_trunc"
                    ArgList
                      LParen "("
                      Literal
                        String "'month'"
                      Comma ","
                      ColumnRef
                        Ident "o"
                        Dot "."
                        Ident "ordered_at"
                      RParen ")"
                  Alias
                    Keyword "AS"
                    Ident "month"
                Comma ","
                TargetItem
                  FuncCall
                    Ident "sum"
                    ArgList
                      LParen "("
                      ColumnRef
                        Ident "o"
                        Dot "."
                        Ident "amount"
                      RParen ")"
                    FilterClause
                      Keyword "FILTER"
                      LParen "("
                      WhereClause
                        Keyword "WHERE"
                        BinaryExpr
                          ColumnRef
                            Ident "o"
                            Dot "."
                            Ident "status"
                          Operator "<>"
                          Literal
                            String "'cancelled'"
                      RParen ")"
                  Alias
                    Keyword "AS"
                    Ident "total"
              FromClause
                Keyword "FROM"
                JoinExpr
                  TableRef
                    Ident "customers"
                    Alias
                      Ident "c"
                  Keyword "JOIN"
                  TableRef
                    Ident "orders"
                    Alias
                      Ident "o"
                  JoinCondition
                    Keyword "ON"
                    BinaryExpr
                      ColumnRef
                        Ident "o"
                        Dot "."
                        Ident "customer_id"
                      Operator "="
                      ColumnRef
                        Ident "c"
                        Dot "."
                        Ident "id"
              WhereClause
                Keyword "WHERE"
                BinaryExpr
                  ColumnRef
                    Ident "o"
                    Dot "."
                    Ident "ordered_at"
                  Operator ">="
                  BinaryExpr
                    FuncCall
                      Ident "now"
                      ArgList
                        LParen "("
                        RParen ")"
                    Operator "-"
                    TypedLiteral
                      Ident "interval"
                      String "'1 year'"
              GroupByClause
                Keyword "GROUP"
                Keyword "BY"
                Literal
                  Number "1"
                Comma ","
                Literal
                  Number "2"
          RParen ")"
    SimpleSelect
      SelectClause
        Keyword "SELECT"
        TargetItem
          ColumnRef
            Ident "m"
            Dot "."
            Ident "customer_id"
        Comma ","
        TargetItem
          ColumnRef
            Ident "m"
            Dot "."
            Ident "month"
        Comma ","
        TargetItem
          ColumnRef
            Ident "m"
            Dot "."
            Ident "total"
        Comma ","
        TargetItem
          FuncCall
            Ident "rank"
            ArgList
              LParen "("
              RParen ")"
            OverClause
              Keyword "OVER"
              WindowSpec
                LParen "("
                PartitionByClause
                  Keyword "PARTITION"
                  Keyword "BY"
                  ColumnRef
                    Ident "m"
                    Dot "."
                    Ident "month"
                OrderByClause
                  Keyword "ORDER"
                  Keyword "BY"
                  SortItem
                    ColumnRef
                      Ident "m"
                      Dot "."
                      Ident "total"
                    Keyword "DESC"
                    Keyword "NULLS"
                    Keyword "LAST"
                RParen ")"
          Alias
            Keyword "AS"
            Ident "rnk"
        Comma ","
        BlockComment "/* 月内順位 */"
        TargetItem
          CaseExpr
            Keyword "CASE"
            WhenClause
              Keyword "WHEN"
              BinaryExpr
                ColumnRef
                  Ident "m"
                  Dot "."
                  Ident "total"
                Operator ">"
                Literal
                  Number "10000"
              Keyword "THEN"
              Literal
                String "'gold'"
            WhenClause
              Keyword "WHEN"
              BinaryExpr
                ColumnRef
                  Ident "m"
                  Dot "."
                  Ident "total"
                Operator ">"
                Literal
                  Number "1000"
              Keyword "THEN"
              Literal
                String "'silver'"
            ElseClause
              Keyword "ELSE"
              Literal
                String "'bronze'"
            Keyword "END"
          Alias
            Keyword "AS"
            Ident "tier"
      FromClause
        Keyword "FROM"
        TableRef
          Ident "monthly"
          Alias
            Keyword "AS"
            Ident "m"
      WhereClause
        Keyword "WHERE"
        BinaryExpr
          InExpr
            ColumnRef
              Ident "m"
              Dot "."
              Ident "customer_id"
            Keyword "IN"
            SubqueryExpr
              LParen "("
              SelectStmt
                SimpleSelect
                  SelectClause
                    Keyword "SELECT"
                    TargetItem
                      ColumnRef
                        Ident "id"
                  FromClause
                    Keyword "FROM"
                    TableRef
                      Ident "customers"
                  WhereClause
                    Keyword "WHERE"
                    ColumnRef
                      Ident "active"
              RParen ")"
          Keyword "AND"
          PrefixExpr
            Keyword "NOT"
            ExistsExpr
              Keyword "EXISTS"
              SubqueryExpr
                LParen "("
                SelectStmt
                  SimpleSelect
                    SelectClause
                      Keyword "SELECT"
                      TargetItem
                        Literal
                          Number "1"
                    FromClause
                      Keyword "FROM"
                      TableRef
                        Ident "blacklist"
                        Alias
                          Ident "b"
                    WhereClause
                      Keyword "WHERE"
                      BinaryExpr
                        ColumnRef
                          Ident "b"
                          Dot "."
                          Ident "customer_id"
                        Operator "="
                        ColumnRef
                          Ident "m"
                          Dot "."
                          Ident "customer_id"
                RParen ")"
    OrderByClause
      Keyword "ORDER"
      Keyword "BY"
      SortItem
        ColumnRef
          Ident "m"
          Dot "."
          Ident "month"
        Keyword "DESC"
      Comma ","
      SortItem
        ColumnRef
          Ident "rnk"
    LimitClause
      Keyword "LIMIT"
      Literal
        Number "100"
  Semicolon ";"
