---
source: tests/parser_snapshots.rs
expression: tree.debug_tree()
input_file: tests/fixtures/parser/mixed_statements.sql
---
Root
  LineComment "-- 対応していない文はそのまま残る"
  RawStatement
    Ident "CREATE"
    Ident "TABLE"
    Ident "users"
    LParen "("
    Ident "id"
    Ident "bigint"
    Ident "PRIMARY"
    Ident "KEY"
    Comma ","
    Ident "name"
    Ident "text"
    Ident "NOT"
    Ident "NULL"
    RParen ")"
  Semicolon ";"
  InsertStmt
    Keyword "INSERT"
    Keyword "INTO"
    TableRef
      Ident "users"
    ExprList
      LParen "("
      ColumnRef
        Ident "id"
      Comma ","
      ColumnRef
        Ident "name"
      RParen ")"
    SelectStmt
      ValuesClause
        Keyword "VALUES"
        ExprList
          LParen "("
          Literal
            Number "1"
          Comma ","
          Literal
            String "'alice'"
          RParen ")"
  Semicolon ";"
  SelectStmt
    SimpleSelect
      SelectClause
        Keyword "SELECT"
        TargetItem
          ColumnRef
            Operator "*"
      FromClause
        Keyword "FROM"
        TableRef
          Ident "users"
      WhereClause
        Keyword "WHERE"
        BinaryExpr
          ColumnRef
            Ident "id"
          Operator "="
          Literal
            Number "1"
  Semicolon ";"
  SelectStmt
    SimpleSelect
      SelectClause
        Keyword "SELECT"
        TargetItem
          ColumnRef
            Ident "a"
        Comma ","
        Comma ","
        TargetItem
          ColumnRef
            Ident "b"
      FromClause
        Keyword "FROM"
        TableRef
          Ident "t"
      WhereClause
        Keyword "WHERE"
  Semicolon ";"
  LineComment "-- 壊れた文"
