---
source: tests/parser_snapshots.rs
expression: tree.debug_tree()
input_file: tests/fixtures/parser/dml.sql
---
Root
  LineComment "-- 在庫の取り込み（UPSERT）"
  InsertStmt
    WithClause
      Keyword "WITH"
      Cte
        Ident "incoming"
        Keyword "AS"
        SubqueryExpr
          LParen "("
          SelectStmt
            SimpleSelect
              SelectClause
                Keyword "SELECT"
                TargetItem
                  ColumnRef
                    Ident "sku"
                Comma ","
                TargetItem
                  ColumnRef
                    Ident "qty"
              FromClause
                Keyword "FROM"
                TableRef
                  Ident "staging_stock"
              WhereClause
                Keyword "WHERE"
                BinaryExpr
                  ColumnRef
                    Ident "batch_id"
                  Operator "="
                  ParamRef
                    Param "$1"
          RParen ")"
    Keyword "INSERT"
    Keyword "INTO"
    TableRef
      Ident "stock"
      Alias
        Keyword "AS"
        Ident "s"
    ExprList
      LParen "("
      ColumnRef
        Ident "sku"
      Comma ","
      ColumnRef
        Ident "qty"
      Comma ","
      ColumnRef
        Ident "updated_at"
      RParen ")"
    SelectStmt
      SimpleSelect
        SelectClause
          Keyword "SELECT"
          TargetItem
            ColumnRef
              Ident "sku"
          Comma ","
          TargetItem
            ColumnRef
              Ident "qty"
          Comma ","
          TargetItem
            FuncCall
              Ident "now"
              ArgList
                LParen "("
                RParen ")"
        FromClause
          Keyword "FROM"
          TableRef
            Ident "incoming"
    OnConflictClause
      Keyword "ON"
      Keyword "CONFLICT"
      ExprList
        LParen "("
        ColumnRef
          Ident "sku"
        RParen ")"
      Keyword "DO"
      Keyword "UPDATE"
      SetClause
        Keyword "SET"
        SetItem
          ColumnRef
            Ident "qty"
          Operator "="
          BinaryExpr
            ColumnRef
              Ident "s"
              Dot "."
              Ident "qty"
            Operator "+"
            ColumnRef
              Ident "EXCLUDED"
              Dot "."
              Ident "qty"
        Comma ","
        SetItem
          ColumnRef
            Ident "updated_at"
          Operator "="
          ColumnRef
            Ident "EXCLUDED"
            Dot "."
            Ident "updated_at"
      WhereClause
        Keyword "WHERE"
        BinaryExpr
          ColumnRef
            Ident "s"
            Dot "."
            Ident "locked"
          Operator "="
          Literal
            Keyword "false"
    ReturningClause
      Keyword "RETURNING"
      TargetItem
        ColumnRef
          Ident "s"
          Dot "."
          Ident "sku"
      Comma ","
      TargetItem
        ColumnRef
          Ident "s"
          Dot "."
          Ident "qty"
  Semicolon ";"
  UpdateStmt
    Keyword "UPDATE"
    TableRef
      Ident "orders"
      Alias
        Ident "o"
    SetClause
      Keyword "SET"
      SetItem
        ColumnRef
          Ident "status"
        Operator "="
        Literal
          String "'shipped'"
      Comma ","
      SetItem
        ExprList
          LParen "("
          ColumnRef
            Ident "shipped_at"
          Comma ","
          ColumnRef
            Ident "carrier"
          RParen ")"
        Operator "="
        RowExpr
          ExprList
            LParen "("
            FuncCall
              Ident "now"
              ArgList
                LParen "("
                RParen ")"
            Comma ","
            ColumnRef
              Ident "c"
              Dot "."
              Ident "name"
            RParen ")"
    FromClause
      Keyword "FROM"
      TableRef
        Ident "carriers"
        Alias
          Ident "c"
    WhereClause
      Keyword "WHERE"
      BinaryExpr
        BinaryExpr
          ColumnRef
            Ident "c"
            Dot "."
            Ident "id"
          Operator "="
          ColumnRef
            Ident "o"
            Dot "."
            Ident "carrier_id"
        Keyword "AND"
        BinaryExpr
          ColumnRef
            Ident "o"
            Dot "."
            Ident "status"
          Operator "="
          Literal
            String "'packed'"
    LineComment "-- 梱包済みのみ"
    ReturningClause
      Keyword "RETURNING"
      TargetItem
        ColumnRef
          Ident "o"
          Dot "."
          Ident "id"
  Semicolon ";"
  DeleteStmt
    Keyword "DELETE"
    Keyword "FROM"
    TableRef
      Ident "sessions"
      Alias
        Ident "s"
    UsingClause
      Keyword "USING"
      TableRef
        Ident "users"
        Alias
          Ident "u"
    WhereClause
      Keyword "WHERE"
      BinaryExpr
        BinaryExpr
          ColumnRef
            Ident "u"
            Dot "."
            Ident "id"
          Operator "="
          ColumnRef
            Ident "s"
            Dot "."
            Ident "user_id"
        Keyword "AND"
        IsExpr
          ColumnRef
            Ident "u"
            Dot "."
            Ident "deleted_at"
          Keyword "IS"
          Keyword "NOT"
          Keyword "NULL"
  Semicolon ";"
